// Jest Snapshot v1, https://goo.gl/fbAQLP

exports[`WelcomeScreen should match snapshot 1`] = `<FullScreenTemplate />`;
