// Jest Snapshot v1, https://goo.gl/fbAQLP

exports[`StyledText should match snapshot 1`] = `
<Text
  style={
    Array [
      Object {
        "fontFamily": "Rubik-Regular",
      },
      undefined,
    ]
  }
>
  text content
</Text>
`;
